// Jest Snapshot v1, https://goo.gl/fbAQLP

exports[`The FoodItemList component renders correctly 1`] = `
<div
  className="product-table"
>
  <div
    className="table-row header"
  >
    <div
      className="table-row__text"
    >
      Product
    </div>
    <div
      className="table-row__text"
    >
      Price
    </div>
    <div
      className="table-row__text"
    >
      Unit
    </div>
    <div
      className="table-row__text"
    >
      Add
    </div>
    <div
      className="table-row__text"
    >
      Remove
    </div>
    <div
      className="table-row__text"
    >
      Quantity
    </div>
    <div
      className="table-row__text"
    >
      Subtotal
    </div>
  </div>
  <ul>
    <li
      className="product-row__element"
    >
      <div
        className="table-row"
      >
        <div
          className="table-row__text"
        >
          Peas
        </div>
        <div
          className="table-row__text"
        >
          £
          0.95
        </div>
        <div
          className="table-row__text"
        >
          per 
          bag
        </div>
        <div
          className="table-row__text"
        >
          <button
            className="button-increment"
          >
            +
          </button>
        </div>
        <div
          className="table-row__text"
        >
          <button
            className="button-decrement"
          >
            -
          </button>
        </div>
        <div
          className="table-row__quantity table-row__text"
        >
          0
        </div>
        <div
          className="table-row__subtotal table-row__text"
        >
          0
        </div>
      </div>
    </li>
    <li
      className="product-row__element"
    >
      <div
        className="table-row"
      >
        <div
          className="table-row__text"
        >
          Eggs
        </div>
        <div
          className="table-row__text"
        >
          £
          2.10
        </div>
        <div
          className="table-row__text"
        >
          per 
          dozen
        </div>
        <div
          className="table-row__text"
        >
          <button
            className="button-increment"
          >
            +
          </button>
        </div>
        <div
          className="table-row__text"
        >
          <button
            className="button-decrement"
          >
            -
          </button>
        </div>
        <div
          className="table-row__quantity table-row__text"
        >
          0
        </div>
        <div
          className="table-row__subtotal table-row__text"
        >
          0
        </div>
      </div>
    </li>
    <li
      className="product-row__element"
    >
      <div
        className="table-row"
      >
        <div
          className="table-row__text"
        >
          Milk
        </div>
        <div
          className="table-row__text"
        >
          £
          1.30
        </div>
        <div
          className="table-row__text"
        >
          per 
          bottle
        </div>
        <div
          className="table-row__text"
        >
          <button
            className="button-increment"
          >
            +
          </button>
        </div>
        <div
          className="table-row__text"
        >
          <button
            className="button-decrement"
          >
            -
          </button>
        </div>
        <div
          className="table-row__quantity table-row__text"
        >
          0
        </div>
        <div
          className="table-row__subtotal table-row__text"
        >
          0
        </div>
      </div>
    </li>
    <li
      className="product-row__element"
    >
      <div
        className="table-row"
      >
        <div
          className="table-row__text"
        >
          Beans
        </div>
        <div
          className="table-row__text"
        >
          £
          0.73
        </div>
        <div
          className="table-row__text"
        >
          per 
          can
        </div>
        <div
          className="table-row__text"
        >
          <button
            className="button-increment"
          >
            +
          </button>
        </div>
        <div
          className="table-row__text"
        >
          <button
            className="button-decrement"
          >
            -
          </button>
        </div>
        <div
          className="table-row__quantity table-row__text"
        >
          0
        </div>
        <div
          className="table-row__subtotal table-row__text"
        >
          0
        </div>
      </div>
    </li>
  </ul>
</div>
`;
