// Jest Snapshot v1, https://goo.gl/fbAQLP

exports[`The shopping cart app renders correctly 1`] = `
<div
  className="table-row"
>
  <div
    className="table-row__type table-row__text"
  >
    Peas
  </div>
  <div
    className="table-row__price table-row__number"
  >
    £
    2.10
  </div>
  <div
    className="table-row__unit table-row__text"
  >
    per 
    bag
  </div>
  <button
    className="button-increment table-row__text"
  >
    +
  </button>
  <button
    className="button-decrement table-row__text"
  >
    -
  </button>
  <div
    className="table-row__quantity table-row__number"
  >
    0
  </div>
  <div
    className="table-row__subtotal table-row__number"
  >
    0
  </div>
</div>
`;
