// Jest Snapshot v1, https://goo.gl/fbAQLP

exports[`<ProductTable /> renders correctly 1`] = `
<table
  className="product-table"
>
  <thead>
    <tr
      className="header"
    >
      <th />
      <th>
        Price
      </th>
      <th
        className="quantity"
      >
        Quantity
      </th>
      <th
        className="total"
      >
        Total
      </th>
    </tr>
  </thead>
  <tbody>
    <tr>
      <td
        className="id"
      >
        1
      </td>
      <td
        className="product"
      >
        plumbus
        <p
          className="description"
        >
          A Plumbus will aid many things in life, making life easier. With proper maintenance, handling, storage, and urging, Plumbus will provide you with a lifetime of better living and happiness
        </p>
      </td>
      <td
        className="price "
      >
        £
        399.99
      </td>
      <td
        className="quantity"
      >
        <input
          className="input-quantity"
          defaultValue="0"
          min="1"
          name="quantity"
          onChange={[Function]}
          type="number"
          value={3}
        />
      </td>
      <td
        className="total"
      >
        0
      </td>
    </tr>
    <tr>
      <td
        className="id"
      >
        2
      </td>
      <td
        className="product"
      >
        butter robot
        <p
          className="description"
        >
          Small, two armed, mobile robot created for the sole purpose of passing butter
        </p>
      </td>
      <td
        className="price "
      >
        £
        49.99
      </td>
      <td
        className="quantity"
      >
        <input
          className="input-quantity"
          defaultValue="0"
          min="1"
          name="quantity"
          onChange={[Function]}
          type="number"
          value={3}
        />
      </td>
      <td
        className="total"
      >
        0
      </td>
    </tr>
    <tr>
      <td
        className="id"
      >
        3
      </td>
      <td
        className="product"
      >
        szechuan sauce
        <p
          className="description"
        >
          Szechuan Chicken McNugget Sauce, a dipping sauce sachet for McDonald's Chicken McNuggets. AKA Mulan McNugget Sauce
        </p>
      </td>
      <td
        className="price "
      >
        £
        1.30
      </td>
      <td
        className="quantity"
      >
        <input
          className="input-quantity"
          defaultValue="0"
          min="1"
          name="quantity"
          onChange={[Function]}
          type="number"
          value={undefined}
        />
      </td>
      <td
        className="total"
      >
        0
      </td>
    </tr>
    <tr>
      <td
        className="id"
      >
        4
      </td>
      <td
        className="product"
      >
        microverse battery
        <p
          className="description"
        >
          Contains a miniature universe with a planet inhabited by intelligent life. These lifeforms use kinetic devices to produce electricity. Under the guise of "waste power" a majority of the energy produced is extracted to power a small personal spaceship
        </p>
      </td>
      <td
        className="price "
      >
        £
        90.00
      </td>
      <td
        className="quantity"
      >
        <input
          className="input-quantity"
          defaultValue="0"
          min="1"
          name="quantity"
          onChange={[Function]}
          type="number"
          value={undefined}
        />
      </td>
      <td
        className="total"
      >
        0
      </td>
    </tr>
  </tbody>
</table>
`;
