// Jest Snapshot v1, https://goo.gl/fbAQLP

exports[`<ProductTableRow /> renders correctly 1`] = `
<tr
  className="table-row"
>
  <td
    className="table-cell id"
  >
    1
  </td>
  <td
    className="table-cell product"
  >
    bumbleclark
    <p
      className="description"
    >
      A scnarfing good time
    </p>
  </td>
  <td
    className="table-cell price "
  >
    £
    2.10
  </td>
  <td
    className="table-cell quantity"
  >
    <input
      className="quantity"
      defaultValue="1"
      min="1"
      name="quantity"
      type="number"
    />
  </td>
  <td
    className="table-cell total"
  >
    0
  </td>
</tr>
`;
