// Jest Snapshot v1, https://goo.gl/fbAQLP

exports[`<ProductTableRow /> renders correctly 1`] = `
<tr>
  <td
    className="id"
  >
    1
  </td>
  <td
    className="image"
  >
    <img
      alt="bumblescnark"
      src="https://i.ytimg.com/vi/2GlCcO4zghM/hqdefault.jpg"
    />
  </td>
  <td
    className="product"
  >
    bumblescnark
    <p
      className="description"
    >
      A scnarfing good time throughout any passive aggressive encounter
    </p>
  </td>
  <td
    className="price "
  >
    £
    2.10
  </td>
  <td
    className="quantity"
  >
    <input
      className="quantity"
      min="0"
      name="quantity"
      onChange={[Function]}
      type="number"
      value={1}
    />
  </td>
  <td
    className="total"
  >
    £
    2.10
  </td>
</tr>
`;
