// Jest Snapshot v1, https://goo.gl/fbAQLP

exports[`<ProductTable /> renders correctly 1`] = `
<table
  className="product-table"
>
  <thead>
    <tr
      className="header"
    >
      <th
        className="bp-tablet"
      />
      <th />
      <th>
        Price
      </th>
      <th
        className="quantity"
      >
        Quantity
      </th>
      <th
        className="total"
      >
        Total
      </th>
    </tr>
  </thead>
  <tbody>
    <tr>
      <td
        className="image bp-tablet"
      >
        <img
          alt="plumbus"
          src="https://vignette.wikia.nocookie.net/rickandmorty/images/d/d1/Everybody_has_a_Plumbus.JPG/revision/latest?cb=20170926163022"
        />
      </td>
      <td
        className="product"
      >
        plumbus
        <p
          className="description bp-tablet"
        >
          A Plumbus will aid many things in life, making life easier. With proper maintenance, handling, storage, and urging, Plumbus will provide you with a lifetime of better living and happiness
        </p>
      </td>
      <td
        className="price "
      >
        £
        399.99
      </td>
      <td
        className="quantity"
      >
        <input
          className="quantity"
          min="0"
          name="quantity"
          onChange={[Function]}
          required={true}
          type="number"
          value={3}
        />
      </td>
      <td
        className="total"
      >
        £
        1199.97
      </td>
    </tr>
    <tr>
      <td
        className="image bp-tablet"
      >
        <img
          alt="butter robot"
          src="https://vignette.wikia.nocookie.net/rickandmorty/images/6/67/Butter_Robot_Picture.png/revision/latest?cb=20171106225602"
        />
      </td>
      <td
        className="product"
      >
        butter robot
        <p
          className="description bp-tablet"
        >
          Small, two armed, mobile robot created for the sole purpose of passing butter
        </p>
      </td>
      <td
        className="price "
      >
        £
        49.99
      </td>
      <td
        className="quantity"
      >
        <input
          className="quantity"
          min="0"
          name="quantity"
          onChange={[Function]}
          required={true}
          type="number"
          value={3}
        />
      </td>
      <td
        className="total"
      >
        £
        149.97
      </td>
    </tr>
    <tr>
      <td
        className="image bp-tablet"
      >
        <img
          alt="szechuan sauce"
          src="https://vignette.wikia.nocookie.net/rickandmorty/images/2/2c/Rick_and_CDan.png/revision/latest?cb=20170404075439"
        />
      </td>
      <td
        className="product"
      >
        szechuan sauce
        <p
          className="description bp-tablet"
        >
          Szechuan Chicken McNugget Sauce, a dipping sauce sachet for McDonald's Chicken McNuggets. AKA Mulan McNugget Sauce
        </p>
      </td>
      <td
        className="price "
      >
        £
        1.30
      </td>
      <td
        className="quantity"
      >
        <input
          className="quantity"
          min="0"
          name="quantity"
          onChange={[Function]}
          required={true}
          type="number"
          value={0}
        />
      </td>
      <td
        className="total"
      >
        £
        0.00
      </td>
    </tr>
    <tr>
      <td
        className="image bp-tablet"
      >
        <img
          alt="microverse battery"
          src="https://vignette.wikia.nocookie.net/rickandmorty/images/8/86/Microverse_Battery.png/revision/latest?cb=20160910010946"
        />
      </td>
      <td
        className="product"
      >
        microverse battery
        <p
          className="description bp-tablet"
        >
          Contains a miniature universe with a planet inhabited by intelligent life. These lifeforms use kinetic devices to produce electricity. Under the guise of "waste power" a majority of the energy produced is extracted to power a small personal spaceship
        </p>
      </td>
      <td
        className="price "
      >
        £
        90.00
      </td>
      <td
        className="quantity"
      >
        <input
          className="quantity"
          min="0"
          name="quantity"
          onChange={[Function]}
          required={true}
          type="number"
          value={0}
        />
      </td>
      <td
        className="total"
      >
        £
        0.00
      </td>
    </tr>
  </tbody>
  <tfoot>
    <tr>
      <td
        className="bp-tablet"
      />
      <td />
      <td />
      <td>
        <strong>
          Grand Total
        </strong>
      </td>
      <td
        className="grand-total"
      >
        <strong>
          £
          0.00
        </strong>
      </td>
    </tr>
  </tfoot>
</table>
`;
